[www.joshcaratelli.com/index.html]
[backblue.gif]
[fade.gif]
[index.html]
[static-assets.strikinglycdn.com/_reset-e86dc20205eb267eb1803edb4281063d0db8db4dde3345771532819dae916332.css]
[static-assets.strikinglycdn.com/themes/sleek/main_v4.8d8d0be1ecde6158f2c8.bundle.css]
[res.cloudinary.com/hrscywv4p/image/upload/c_limit,f_auto,h_64,q_90,w_64/v1/280957/Justin_Cavenagh_JC_Logo_Josh_Caratelli_Website_q7mcqz.png]
[res.cloudinary.com/hrscywv4p/image/upload/c_limit,fl_lossy,h_60,w_60,f_auto,q_auto/v1/280957/Josh_Portrait_New_Cropped_scnz8d.png]
[res.cloudinary.com/hrscywv4p/image/upload/c_limit,fl_lossy,h_76,w_76,f_auto,q_auto/v1/280957/Josh_Portrait_New_Cropped_scnz8d.png]
[res.cloudinary.com/hrscywv4p/image/upload/c_limit,fl_lossy,h_120,w_120,f_auto,q_auto/v1/280957/Josh_Portrait_New_Cropped_scnz8d.png]
[res.cloudinary.com/hrscywv4p/image/upload/c_limit,fl_lossy,h_152,w_152,f_auto,q_auto/v1/280957/Josh_Portrait_New_Cropped_scnz8d.png]
[static-assets.strikinglycdn.com/detectIE-c385c24313ef0e9e4e7a1e131bf5e59f0fbd468f9f9ef44fd6739ae84ef0c0a4.js]
[res.cloudinary.com/hrscywv4p/image/upload/c_limit,fl_lossy,h_630,w_1200,f_auto,q_auto/v1/280957/Josh_Portrait_New_Cropped_scnz8d.png]
[res.cloudinary.com/hrscywv4p/image/upload/c_limit,fl_lossy,h_1500,w_2000,f_auto,q_auto/v1/280957/1500x500_wgo8w6.jpg]
[res.cloudinary.com/hrscywv4p/image/upload/c_limit,fl_lossy,h_1440,w_720,f_auto,q_auto/v1/280957/6d5b6b3f5ef44d75a08e2a86f95444d5_awicbi.png]
[res.cloudinary.com/hrscywv4p/image/upload/c_limit,fl_lossy,h_1440,w_720,f_auto,q_auto/v1/280957/131ed38f7cb44d1f8720338daff8fb2d_algjrr.png]
[res.cloudinary.com/hrscywv4p/image/upload/c_limit,fl_lossy,h_1440,w_720,f_auto,q_auto/v1/280957/b2c4337e1e164acca8fd010316aae8f0_t3gw2r.png]
[res.cloudinary.com/hrscywv4p/image/upload/c_limit,fl_lossy,h_1440,w_720,f_auto,q_auto/v1/280957/ee0ba3b3-6548-4dca-a888-812c3e81169d_bo5i6n.png]
[res.cloudinary.com/hrscywv4p/image/upload/c_limit,fl_lossy,h_1440,w_720,f_auto,q_auto/v1/280957/Rugby_Ball_copy_zeu3mv.png]
[res.cloudinary.com/hrscywv4p/image/upload/c_limit,fl_lossy,h_1440,w_720,f_auto,q_auto/v1/280957/33e14297-5e7c-4c0e-9761-65af173d50ff_u4ukog.png]
[res.cloudinary.com/hrscywv4p/image/upload/c_limit,fl_lossy,h_1440,w_720,f_auto,q_auto/v1/280957/063ff1bc25cc4b1694d2ef290208d2b5_hkr8d7.png]
[res.cloudinary.com/hrscywv4p/image/upload/c_limit,fl_lossy,h_1440,w_720,f_auto,q_auto/v1/280957/DMEFullLogo_f3fw1j.png]
[res.cloudinary.com/hrscywv4p/image/upload/c_limit,fl_lossy,h_1440,w_720,f_auto,q_auto/v1/280957/d6af7df1a7854a25af24218f466bf404_gnkjlg.png]
[res.cloudinary.com/hrscywv4p/image/upload/c_limit,fl_lossy,h_1440,w_720,f_auto,q_auto/v1/280957/50a906a223474fc69dfc89cafa364cc9_dfox87.png]
[res.cloudinary.com/hrscywv4p/image/upload/c_limit,fl_lossy,h_1440,w_720,f_auto,q_60/v1/280957/preview_v3rcxr.gif]
[res.cloudinary.com/hrscywv4p/image/upload/c_limit,fl_lossy,h_540,w_540,f_auto,q_auto/v1/280957/blog_code_cover_uctggm.jpg]
[uploads.strikinglycdn.com/page/images/icons/email-icon.png]
[uploads.strikinglycdn.com/page/images/icons/phone-icon.png]
[uploads.strikinglycdn.com/page/images/icons/linkedin-icon.png]
[uploads.strikinglycdn.com/static/icons/black/location-icon.png]
[ajax.googleapis.com/ajax/libs/jquery/1.10.0/jquery.min.js]
[www.google-analytics.com/analytics.js]
[static-assets.strikinglycdn.com/i18n-2ace11ac644d0b40fb8b7cb65e9dd1e553022750e0254118dacbe1fe50735e97.js]
[www.joshcaratelli.com/index.html]
[static-assets.strikinglycdn.com/_reset-e86dc20205eb267eb1803edb4281063d0db8db4dde3345771532819dae916332.css]
[static-assets.strikinglycdn.com/images/ic_play.b7e61c076c018ee7f7fdb547bfc93293.png]
[static-assets.strikinglycdn.com/images/ic_play_hover.987966f698b16f3cd142e2564d3603fb.png]
[static-assets.strikinglycdn.com/images/ic_help.727673ace85648f76cbe4c3cc524ed29.png]
[static-assets.strikinglycdn.com/images/ic_help_hover.3706f966d994dce4d40d0cc578439a7b.png]
[static-assets.strikinglycdn.com/images/nav-prev.9b7656600ce9922302fa591f0be905b7.png]
[static-assets.strikinglycdn.com/images/nav-next.dacef369fbedad44046aa690538793ff.png]
[static-assets.strikinglycdn.com/images/loading.4f0d7a057ab9bf47148d131d6823bc61.gif]
[static-assets.strikinglycdn.com/webpack/page-site-bundle.5562fbda2a951fdc23d4.js]
[static-assets.strikinglycdn.com/images/indicator.ca0502dc147ac73e76b34806a383a87a.gif]
[static-assets.strikinglycdn.com/webpack/site-dll.204fdfffd40082c41623.js]
[static-assets.strikinglycdn.com/images/edit-overlay.1b62b2c8bc3fd4f330f6a7c3670bf476.png]
[static-assets.strikinglycdn.com/images/ic_no_orders.18ecba0caedd1d59d54968ff95540cc7.png]
[static-assets.strikinglycdn.com/images/ic_no_orders@2x.b26da8ae242b7fa3e4b235a24bc546fb.png]
[static-assets.strikinglycdn.com/images/logo-footer-hover.88570aabad88a732bee37d56d707f273.png]
[static-assets.strikinglycdn.com/images/logo-footer-hover-2x.d78e1ea28cc914e52fb62713ac40b161.png]
[static-assets.strikinglycdn.com/images/logo-footer-hover-sxl.484bcb56a608abc065c1aab0307fd564.png]
[static-assets.strikinglycdn.com/images/logo-footer-hover-sxl-2x.13de19e089db79f72bb9db879d867c9f.png]
[static-assets.strikinglycdn.com/images/logo-footer.b35e7574e8b3074d742c593dcd52f229.png]
[static-assets.strikinglycdn.com/images/logo-footer-2x.935de1d904c915c9a4b4c46fe2050ef3.png]
[static-assets.strikinglycdn.com/images/logo-footer-sxl-1x.283ba845f343c020227aeddf28f29830.png]
[static-assets.strikinglycdn.com/images/logo-footer-hover-sxl-1x.9d56ed8f41134907d5195060f909ae66.png]
[static-assets.strikinglycdn.com/images/logo-footer-sxl-2x.7b6d7db2e9d5307b841fa3fdc4565d3a.png]
[static-assets.strikinglycdn.com/images/simple-magnifier.0ea1792ba97eeada594debed8b302689.png]
[static-assets.strikinglycdn.com/images/paddle_prev_fff.576ae27b9e3e0ea6365cdd8269d2740c.png]
[static-assets.strikinglycdn.com/images/paddle_next_fff.0fb7fae3e9af27d72b2e1317594753b9.png]
[static-assets.strikinglycdn.com/images/paddle_prev_999.d2001ba6fc3274ebe166efa47288c831.png]
[static-assets.strikinglycdn.com/images/paddle_next_999.7895ab6b16feb64825faf876f430a158.png]
[static-assets.strikinglycdn.com/themes/sleek/main_v4.8d8d0be1ecde6158f2c8.bundle.css]
[www.joshcaratelli.com/i/pwa/manifest.html]
[www.joshcaratelli.com/blog/struct-packing.html]
